// Vitest Snapshot v1, https://vitest.dev/guide/snapshot.html

exports[`Given DetailedProductPage component:  > when rendered, should match snapshot 1`] = `
<DocumentFragment>
  <div
    class=" _container_7db3c6 _overflowHidden_7db3c6 MuiBox-root css-0"
  >
    <div
      class="_skeleton_7db3c6  MuiBox-root css-q8nw6e"
    >
      <span
        class="MuiSkeleton-root MuiSkeleton-text MuiSkeleton-wave css-15a4b0z-MuiSkeleton-root"
      />
      <span
        class="MuiSkeleton-root MuiSkeleton-circular MuiSkeleton-wave css-7vt8oa-MuiSkeleton-root"
        style="width: 10vh; height: 10vh;"
      />
      <span
        class="MuiSkeleton-root MuiSkeleton-text MuiSkeleton-wave css-15a4b0z-MuiSkeleton-root"
      />
      <span
        class="MuiSkeleton-root MuiSkeleton-text MuiSkeleton-wave css-15a4b0z-MuiSkeleton-root"
      />
      <span
        class="MuiSkeleton-root MuiSkeleton-text MuiSkeleton-wave css-i8tnst-MuiSkeleton-root"
      />
      <span
        class="MuiSkeleton-root MuiSkeleton-text MuiSkeleton-wave css-i8tnst-MuiSkeleton-root"
      />
      <span
        class="MuiSkeleton-root MuiSkeleton-text MuiSkeleton-wave css-i8tnst-MuiSkeleton-root"
      />
      <span
        class="MuiSkeleton-root MuiSkeleton-text MuiSkeleton-wave css-i8tnst-MuiSkeleton-root"
      />
      <span
        class="MuiSkeleton-root MuiSkeleton-text MuiSkeleton-wave css-i8tnst-MuiSkeleton-root"
      />
    </div>
    <div
      class="_childrenContainer_7db3c6 _hidden_7db3c6 MuiBox-root css-0"
    >
      <div
        class="_pageContainer_0feb98 MuiBox-root css-0"
      >
        <div
          class="_headerContainer_0feb98 MuiBox-root css-0"
        >
          <div
            class="slick-slider _carouselMedium_0feb98 _carousel_95e9a0 slick-initialized"
            dir="ltr"
          >
            <div
              class="slick-list"
            >
              <div
                class="slick-track"
                style="opacity: 1; transform: translate3d(0px, 0px, 0px);"
              />
            </div>
          </div>
          <div
            class="_productData_5be6a8 MuiBox-root css-0"
          >
            <h5
              class="MuiTypography-root MuiTypography-h5 css-bezmlo-MuiTypography-root"
            />
            <div
              class="_priceContainer_92edd5 MuiBox-root css-0"
            >
              <h6
                class="MuiTypography-root MuiTypography-subtitle2 css-zdy50j-MuiTypography-root"
              >
                Price: 
              </h6>
              <h6
                class="MuiTypography-root MuiTypography-subtitle2 _price_c0cdf9  false css-ati914-MuiTypography-root"
              >
                0 $
              </h6>
            </div>
            <div
              class="_chipContainer_5be6a8 MuiBox-root css-0"
            />
            <button
              class="MuiButtonBase-root MuiButton-root MuiButton-outlined MuiButton-outlinedPrimary MuiButton-sizeMedium MuiButton-outlinedSizeMedium MuiButton-colorPrimary Mui-disabled MuiButton-root MuiButton-outlined MuiButton-outlinedPrimary MuiButton-sizeMedium MuiButton-outlinedSizeMedium MuiButton-colorPrimary _btnCasual_0b5bfe _addToBasketBtn_5be6a8 _basketBtn_0b5bfe  _btn_d6e307 css-1rwt2y5-MuiButtonBase-root-MuiButton-root"
              disabled=""
              tabindex="-1"
              type="button"
            >
              <span
                class="MuiLinearProgress-root MuiLinearProgress-colorPrimary MuiLinearProgress-indeterminate undefined _progress_0b5bfe   _progressLinear_0b5bfe css-eglki6-MuiLinearProgress-root"
                role="progressbar"
              >
                <span
                  class="MuiLinearProgress-bar MuiLinearProgress-barColorPrimary MuiLinearProgress-bar1Indeterminate css-5ir5xx-MuiLinearProgress-bar1"
                />
                <span
                  class="MuiLinearProgress-bar MuiLinearProgress-barColorPrimary MuiLinearProgress-bar2Indeterminate css-1r8wrcl-MuiLinearProgress-bar2"
                />
              </span>
              <h6
                class="MuiTypography-root MuiTypography-subtitle2 css-ati914-MuiTypography-root"
              >
                Add to
              </h6>
              <svg
                aria-hidden="true"
                class="MuiSvgIcon-root MuiSvgIcon-fontSizeMedium undefined _basketIcon_0b5bfe  _iconCasual_0b5bfe css-i4bv87-MuiSvgIcon-root"
                data-testid="AddShoppingCartIcon"
                focusable="false"
                viewBox="0 0 24 24"
              >
                <path
                  d="M11 9h2V6h3V4h-3V1h-2v3H8v2h3zm-4 9c-1.1 0-1.99.9-1.99 2S5.9 22 7 22s2-.9 2-2-.9-2-2-2m10 0c-1.1 0-1.99.9-1.99 2s.89 2 1.99 2 2-.9 2-2-.9-2-2-2m-9.83-3.25.03-.12.9-1.63h7.45c.75 0 1.41-.41 1.75-1.03l3.86-7.01L19.42 4h-.01l-1.1 2-2.76 5H8.53l-.13-.27L6.16 6l-.95-2-.94-2H1v2h2l3.6 7.59-1.35 2.45c-.16.28-.25.61-.25.96 0 1.1.9 2 2 2h12v-2H7.42c-.13 0-.25-.11-.25-.25"
                />
              </svg>
            </button>
          </div>
        </div>
        <div
          class="MuiBox-root css-0"
        >
          <p
            class="MuiTypography-root MuiTypography-body1 css-ahj2mt-MuiTypography-root"
          >
            <b>
                Description: 
            </b>
          </p>
        </div>
      </div>
    </div>
  </div>
</DocumentFragment>
`;
