// Vitest Snapshot v1, https://vitest.dev/guide/snapshot.html

exports[`Given UserPage component:  > when rendered, should match snapshot 1`] = `
<DocumentFragment>
  <h5
    class="MuiTypography-root MuiTypography-h5 _user_11f9a9 css-bezmlo-MuiTypography-root"
  >
    User Profile Page
  </h5>
  <h6
    class="MuiTypography-root MuiTypography-h6 _title_7cd3b6 css-tjvwag-MuiTypography-root"
  >
    Personal information
  </h6>
  <button
    class="MuiButtonBase-root MuiButton-root MuiButton-outlined MuiButton-outlinedPrimary MuiButton-sizeMedium MuiButton-outlinedSizeMedium MuiButton-colorPrimary MuiButton-root MuiButton-outlined MuiButton-outlinedPrimary MuiButton-sizeMedium MuiButton-outlinedSizeMedium MuiButton-colorPrimary css-1rwt2y5-MuiButtonBase-root-MuiButton-root"
    tabindex="0"
    type="button"
  >
    Edit
    <span
      class="MuiTouchRipple-root css-8je8zh-MuiTouchRipple-root"
    />
  </button>
  <label
    class="MuiFormLabel-root MuiInputLabel-root MuiInputLabel-animated MuiFormLabel-colorPrimary Mui-required MuiInputLabel-root MuiInputLabel-animated css-9npbnl-MuiFormLabel-root-MuiInputLabel-root"
  >
    First name
    <span
      aria-hidden="true"
      class="MuiFormLabel-asterisk MuiInputLabel-asterisk css-wgai2y-MuiFormLabel-asterisk"
    >
       *
    </span>
  </label>
  <div
    class="MuiInputBase-root MuiOutlinedInput-root MuiInputBase-colorPrimary Mui-disabled css-9ddj71-MuiInputBase-root-MuiOutlinedInput-root"
    required=""
  >
    <input
      class="MuiInputBase-input MuiOutlinedInput-input Mui-disabled css-1t8l2tu-MuiInputBase-input-MuiOutlinedInput-input"
      disabled=""
      name="firstName"
      required=""
      type="text"
      value=""
    />
    <fieldset
      aria-hidden="true"
      class="MuiOutlinedInput-notchedOutline css-1d3z3hw-MuiOutlinedInput-notchedOutline"
    >
      <legend
        class="css-ihdtdm"
      >
        <span
          class="notranslate"
        >
          ​
        </span>
      </legend>
    </fieldset>
  </div>
  <p
    class="MuiFormHelperText-root Mui-error css-1d1r5q-MuiFormHelperText-root"
  />
  <label
    class="MuiFormLabel-root MuiInputLabel-root MuiInputLabel-animated MuiFormLabel-colorPrimary Mui-required MuiInputLabel-root MuiInputLabel-animated css-9npbnl-MuiFormLabel-root-MuiInputLabel-root"
  >
    Last name
    <span
      aria-hidden="true"
      class="MuiFormLabel-asterisk MuiInputLabel-asterisk css-wgai2y-MuiFormLabel-asterisk"
    >
       *
    </span>
  </label>
  <div
    class="MuiInputBase-root MuiOutlinedInput-root MuiInputBase-colorPrimary Mui-disabled css-9ddj71-MuiInputBase-root-MuiOutlinedInput-root"
    required=""
  >
    <input
      class="MuiInputBase-input MuiOutlinedInput-input Mui-disabled css-1t8l2tu-MuiInputBase-input-MuiOutlinedInput-input"
      disabled=""
      name="lastName"
      required=""
      type="text"
      value=""
    />
    <fieldset
      aria-hidden="true"
      class="MuiOutlinedInput-notchedOutline css-1d3z3hw-MuiOutlinedInput-notchedOutline"
    >
      <legend
        class="css-ihdtdm"
      >
        <span
          class="notranslate"
        >
          ​
        </span>
      </legend>
    </fieldset>
  </div>
  <p
    class="MuiFormHelperText-root Mui-error css-1d1r5q-MuiFormHelperText-root"
  />
  <label
    class="MuiFormLabel-root MuiInputLabel-root MuiInputLabel-animated MuiFormLabel-colorPrimary MuiInputLabel-root MuiInputLabel-animated css-9npbnl-MuiFormLabel-root-MuiInputLabel-root"
  >
    Birthday: 
  </label>
  <div
    class="MuiFormControl-root MuiTextField-root css-z3c6am-MuiFormControl-root-MuiTextField-root"
  >
    <div
      class="MuiInputBase-root MuiOutlinedInput-root MuiInputBase-colorPrimary Mui-disabled MuiInputBase-formControl MuiInputBase-adornedEnd Mui-readOnly MuiInputBase-readOnly css-o9k5xi-MuiInputBase-root-MuiOutlinedInput-root"
    >
      <input
        aria-invalid="false"
        aria-label="Choose date, selected date is Jun 17, 2011"
        autocomplete="off"
        class="MuiInputBase-input MuiOutlinedInput-input Mui-disabled MuiInputBase-inputAdornedEnd Mui-readOnly MuiInputBase-readOnly css-nxo287-MuiInputBase-input-MuiOutlinedInput-input"
        disabled=""
        id=":r1:"
        inputmode="text"
        placeholder="DD/MM/YYYY"
        readonly=""
        type="text"
        value="17/06/2011"
      />
      <fieldset
        aria-hidden="true"
        class="MuiOutlinedInput-notchedOutline css-1d3z3hw-MuiOutlinedInput-notchedOutline"
      >
        <legend
          class="css-ihdtdm"
        >
          <span
            class="notranslate"
          >
            ​
          </span>
        </legend>
      </fieldset>
    </div>
  </div>
  <p
    class="MuiFormHelperText-root Mui-error css-1d1r5q-MuiFormHelperText-root"
  />
  <h6
    class="MuiTypography-root MuiTypography-h6 _title_7cd3b6 css-tjvwag-MuiTypography-root"
  >
    Credential information
  </h6>
  <button
    class="MuiButtonBase-root MuiButton-root MuiButton-outlined MuiButton-outlinedPrimary MuiButton-sizeMedium MuiButton-outlinedSizeMedium MuiButton-colorPrimary MuiButton-root MuiButton-outlined MuiButton-outlinedPrimary MuiButton-sizeMedium MuiButton-outlinedSizeMedium MuiButton-colorPrimary css-1rwt2y5-MuiButtonBase-root-MuiButton-root"
    tabindex="0"
    type="button"
  >
    Edit
    <span
      class="MuiTouchRipple-root css-8je8zh-MuiTouchRipple-root"
    />
  </button>
  <label
    class="MuiFormLabel-root MuiInputLabel-root MuiInputLabel-animated MuiFormLabel-colorPrimary Mui-required MuiInputLabel-root MuiInputLabel-animated css-9npbnl-MuiFormLabel-root-MuiInputLabel-root"
  >
    Your email:
    <span
      aria-hidden="true"
      class="MuiFormLabel-asterisk MuiInputLabel-asterisk css-wgai2y-MuiFormLabel-asterisk"
    >
       *
    </span>
  </label>
  <div
    class="MuiInputBase-root MuiOutlinedInput-root MuiInputBase-colorPrimary Mui-disabled css-9ddj71-MuiInputBase-root-MuiOutlinedInput-root"
    required=""
  >
    <input
      aria-invalid="false"
      class="MuiInputBase-input MuiOutlinedInput-input Mui-disabled css-1t8l2tu-MuiInputBase-input-MuiOutlinedInput-input"
      disabled=""
      name="email"
      required=""
      type="text"
      value=""
    />
    <fieldset
      aria-hidden="true"
      class="MuiOutlinedInput-notchedOutline css-1d3z3hw-MuiOutlinedInput-notchedOutline"
    >
      <legend
        class="css-ihdtdm"
      >
        <span
          class="notranslate"
        >
          ​
        </span>
      </legend>
    </fieldset>
  </div>
  <p
    class="MuiFormHelperText-root Mui-error css-1d1r5q-MuiFormHelperText-root"
  />
  <button
    class="MuiButtonBase-root MuiButton-root MuiButton-outlined MuiButton-outlinedPrimary MuiButton-sizeMedium MuiButton-outlinedSizeMedium MuiButton-colorPrimary MuiButton-root MuiButton-outlined MuiButton-outlinedPrimary MuiButton-sizeMedium MuiButton-outlinedSizeMedium MuiButton-colorPrimary css-1rwt2y5-MuiButtonBase-root-MuiButton-root"
    tabindex="0"
    type="button"
  >
    Change Password
    <span
      class="MuiTouchRipple-root css-8je8zh-MuiTouchRipple-root"
    />
  </button>
  <h6
    class="MuiTypography-root MuiTypography-h6 _title_7cd3b6 css-tjvwag-MuiTypography-root"
  >
    Addresses
  </h6>
  <button
    class="MuiButtonBase-root MuiButton-root MuiButton-outlined MuiButton-outlinedPrimary MuiButton-sizeMedium MuiButton-outlinedSizeMedium MuiButton-colorPrimary MuiButton-root MuiButton-outlined MuiButton-outlinedPrimary MuiButton-sizeMedium MuiButton-outlinedSizeMedium MuiButton-colorPrimary css-1rwt2y5-MuiButtonBase-root-MuiButton-root"
    tabindex="0"
    type="button"
  >
    Add new
    <span
      class="MuiTouchRipple-root css-8je8zh-MuiTouchRipple-root"
    />
  </button>
  <div
    aria-hidden="true"
    class="MuiBackdrop-root css-sox5kk-MuiBackdrop-root"
    style="opacity: 0; visibility: hidden;"
  >
    <span
      class="MuiCircularProgress-root MuiCircularProgress-indeterminate MuiCircularProgress-colorPrimary css-18lrjg1-MuiCircularProgress-root"
      role="progressbar"
      style="width: 40px; height: 40px;"
    >
      <svg
        class="MuiCircularProgress-svg css-1idz92c-MuiCircularProgress-svg"
        viewBox="22 22 44 44"
      >
        <circle
          class="MuiCircularProgress-circle MuiCircularProgress-circleIndeterminate css-176wh8e-MuiCircularProgress-circle"
          cx="44"
          cy="44"
          fill="none"
          r="20.2"
          stroke-width="3.6"
        />
      </svg>
    </span>
  </div>
</DocumentFragment>
`;
